nohup: ignorando entrada
INFO:     Started server process [99549]
INFO:     Waiting for application startup.
>>> CRIANDO TABELAS NO BANCO DE DADOS <<< /home/bruno/panificadora/backend/data.db
>>> CRIANDO TABELAS NO BANCO DE DADOS <<<
>>> Carregando .env: /home/bruno/panificadora/backend/app/../.env
>>> Antes de criar tabelas
2026-02-16 13:48:04,050 INFO sqlalchemy.engine.Engine BEGIN (implicit)
2026-02-16 13:48:04,050 INFO sqlalchemy.engine.Engine PRAGMA main.table_info("users")
2026-02-16 13:48:04,050 INFO sqlalchemy.engine.Engine [raw sql] ()
2026-02-16 13:48:04,051 INFO sqlalchemy.engine.Engine PRAGMA main.table_info("categories")
2026-02-16 13:48:04,051 INFO sqlalchemy.engine.Engine [raw sql] ()
2026-02-16 13:48:04,051 INFO sqlalchemy.engine.Engine PRAGMA main.table_info("products")
2026-02-16 13:48:04,051 INFO sqlalchemy.engine.Engine [raw sql] ()
2026-02-16 13:48:04,051 INFO sqlalchemy.engine.Engine PRAGMA main.table_info("orders")
2026-02-16 13:48:04,052 INFO sqlalchemy.engine.Engine [raw sql] ()
2026-02-16 13:48:04,052 INFO sqlalchemy.engine.Engine PRAGMA main.table_info("order_items")
2026-02-16 13:48:04,052 INFO sqlalchemy.engine.Engine [raw sql] ()
2026-02-16 13:48:04,052 INFO sqlalchemy.engine.Engine PRAGMA main.table_info("order_payments")
2026-02-16 13:48:04,052 INFO sqlalchemy.engine.Engine [raw sql] ()
2026-02-16 13:48:04,053 INFO sqlalchemy.engine.Engine COMMIT
INFO:     Application startup complete.
INFO:     Uvicorn running on http://0.0.0.0:8000 (Press CTRL+C to quit)
WARNING:root:[AUTH] Token recebido: eyJhbGciOiJIUzI1NiIsInR5cCI6IkpXVCJ9.eyJzdWIiOiJhZG1pbiIsInJvbGUiOiJnZXJlbnRlIiwiZXhwIjoxNzcxMjg5MTU1fQ.GLdTkr5BXymLjH3oROytsV3xS-FGB6q4eeo7QxLWi-8
WARNING:root:[AUTH] Payload decodificado: {'sub': 'admin', 'role': 'gerente', 'exp': 1771289155}
>>> Tabelas criadas com sucesso
>>> Após tentativa de criar tabelas
2026-02-16 13:48:19,835 INFO sqlalchemy.engine.Engine BEGIN (implicit)
INFO:sqlalchemy.engine.Engine:BEGIN (implicit)
2026-02-16 13:48:19,842 INFO sqlalchemy.engine.Engine SELECT users.id AS users_id, users.username AS users_username, users.password_hash AS users_password_hash, users.role AS users_role 
FROM users 
WHERE users.username = ?
 LIMIT ? OFFSET ?
INFO:sqlalchemy.engine.Engine:SELECT users.id AS users_id, users.username AS users_username, users.password_hash AS users_password_hash, users.role AS users_role 
FROM users 
WHERE users.username = ?
 LIMIT ? OFFSET ?
2026-02-16 13:48:19,843 INFO sqlalchemy.engine.Engine [generated in 0.00051s] ('admin', 1, 0)
INFO:sqlalchemy.engine.Engine:[generated in 0.00051s] ('admin', 1, 0)
2026-02-16 13:48:19,846 INFO sqlalchemy.engine.Engine SELECT orders.id AS orders_id, orders.order_number AS orders_order_number, orders.created_at AS orders_created_at, orders.status AS orders_status, orders.customer_name AS orders_customer_name, orders.table_ref AS orders_table_ref, orders.paid_at AS orders_paid_at, orders.payment_method AS orders_payment_method 
FROM orders 
WHERE orders.status = ? ORDER BY orders.created_at DESC
INFO:sqlalchemy.engine.Engine:SELECT orders.id AS orders_id, orders.order_number AS orders_order_number, orders.created_at AS orders_created_at, orders.status AS orders_status, orders.customer_name AS orders_customer_name, orders.table_ref AS orders_table_ref, orders.paid_at AS orders_paid_at, orders.payment_method AS orders_payment_method 
FROM orders 
WHERE orders.status = ? ORDER BY orders.created_at DESC
2026-02-16 13:48:19,848 INFO sqlalchemy.engine.Engine [generated in 0.00047s] ('pending',)
INFO:sqlalchemy.engine.Engine:[generated in 0.00047s] ('pending',)
[DEBUG] /orders retornou 18 pedidos para o usuário admin (papel: UserRole.gerente)
2026-02-16 13:48:19,854 INFO sqlalchemy.engine.Engine SELECT order_items.id AS order_items_id, order_items.order_id AS order_items_order_id, order_items.product_id AS order_items_product_id, order_items.quantity AS order_items_quantity, order_items.unit_price AS order_items_unit_price 
FROM order_items 
WHERE ? = order_items.order_id
INFO:sqlalchemy.engine.Engine:SELECT order_items.id AS order_items_id, order_items.order_id AS order_items_order_id, order_items.product_id AS order_items_product_id, order_items.quantity AS order_items_quantity, order_items.unit_price AS order_items_unit_price 
FROM order_items 
WHERE ? = order_items.order_id
2026-02-16 13:48:19,855 INFO sqlalchemy.engine.Engine [generated in 0.00041s] (2183,)
INFO:sqlalchemy.engine.Engine:[generated in 0.00041s] (2183,)
2026-02-16 13:48:19,859 INFO sqlalchemy.engine.Engine SELECT order_payments.id AS order_payments_id, order_payments.order_id AS order_payments_order_id, order_payments.method AS order_payments_method, order_payments.amount AS order_payments_amount, order_payments.created_at AS order_payments_created_at 
FROM order_payments 
WHERE ? = order_payments.order_id
INFO:sqlalchemy.engine.Engine:SELECT order_payments.id AS order_payments_id, order_payments.order_id AS order_payments_order_id, order_payments.method AS order_payments_method, order_payments.amount AS order_payments_amount, order_payments.created_at AS order_payments_created_at 
FROM order_payments 
WHERE ? = order_payments.order_id
2026-02-16 13:48:19,860 INFO sqlalchemy.engine.Engine [generated in 0.00027s] (2183,)
INFO:sqlalchemy.engine.Engine:[generated in 0.00027s] (2183,)
2026-02-16 13:48:19,861 INFO sqlalchemy.engine.Engine SELECT order_items.id AS order_items_id, order_items.order_id AS order_items_order_id, order_items.product_id AS order_items_product_id, order_items.quantity AS order_items_quantity, order_items.unit_price AS order_items_unit_price 
FROM order_items 
WHERE ? = order_items.order_id
INFO:sqlalchemy.engine.Engine:SELECT order_items.id AS order_items_id, order_items.order_id AS order_items_order_id, order_items.product_id AS order_items_product_id, order_items.quantity AS order_items_quantity, order_items.unit_price AS order_items_unit_price 
FROM order_items 
WHERE ? = order_items.order_id
2026-02-16 13:48:19,861 INFO sqlalchemy.engine.Engine [cached since 0.006941s ago] (2144,)
INFO:sqlalchemy.engine.Engine:[cached since 0.006941s ago] (2144,)
2026-02-16 13:48:19,863 INFO sqlalchemy.engine.Engine SELECT order_payments.id AS order_payments_id, order_payments.order_id AS order_payments_order_id, order_payments.method AS order_payments_method, order_payments.amount AS order_payments_amount, order_payments.created_at AS order_payments_created_at 
FROM order_payments 
WHERE ? = order_payments.order_id
INFO:sqlalchemy.engine.Engine:SELECT order_payments.id AS order_payments_id, order_payments.order_id AS order_payments_order_id, order_payments.method AS order_payments_method, order_payments.amount AS order_payments_amount, order_payments.created_at AS order_payments_created_at 
FROM order_payments 
WHERE ? = order_payments.order_id
2026-02-16 13:48:19,864 INFO sqlalchemy.engine.Engine [cached since 0.004267s ago] (2144,)
INFO:sqlalchemy.engine.Engine:[cached since 0.004267s ago] (2144,)
2026-02-16 13:48:19,865 INFO sqlalchemy.engine.Engine SELECT order_items.id AS order_items_id, order_items.order_id AS order_items_order_id, order_items.product_id AS order_items_product_id, order_items.quantity AS order_items_quantity, order_items.unit_price AS order_items_unit_price 
FROM order_items 
WHERE ? = order_items.order_id
INFO:sqlalchemy.engine.Engine:SELECT order_items.id AS order_items_id, order_items.order_id AS order_items_order_id, order_items.product_id AS order_items_product_id, order_items.quantity AS order_items_quantity, order_items.unit_price AS order_items_unit_price 
FROM order_items 
WHERE ? = order_items.order_id
2026-02-16 13:48:19,865 INFO sqlalchemy.engine.Engine [cached since 0.01065s ago] (2111,)
INFO:sqlalchemy.engine.Engine:[cached since 0.01065s ago] (2111,)
2026-02-16 13:48:19,867 INFO sqlalchemy.engine.Engine SELECT order_payments.id AS order_payments_id, order_payments.order_id AS order_payments_order_id, order_payments.method AS order_payments_method, order_payments.amount AS order_payments_amount, order_payments.created_at AS order_payments_created_at 
FROM order_payments 
WHERE ? = order_payments.order_id
INFO:sqlalchemy.engine.Engine:SELECT order_payments.id AS order_payments_id, order_payments.order_id AS order_payments_order_id, order_payments.method AS order_payments_method, order_payments.amount AS order_payments_amount, order_payments.created_at AS order_payments_created_at 
FROM order_payments 
WHERE ? = order_payments.order_id
2026-02-16 13:48:19,868 INFO sqlalchemy.engine.Engine [cached since 0.008366s ago] (2111,)
INFO:sqlalchemy.engine.Engine:[cached since 0.008366s ago] (2111,)
2026-02-16 13:48:19,869 INFO sqlalchemy.engine.Engine SELECT order_items.id AS order_items_id, order_items.order_id AS order_items_order_id, order_items.product_id AS order_items_product_id, order_items.quantity AS order_items_quantity, order_items.unit_price AS order_items_unit_price 
FROM order_items 
WHERE ? = order_items.order_id
INFO:sqlalchemy.engine.Engine:SELECT order_items.id AS order_items_id, order_items.order_id AS order_items_order_id, order_items.product_id AS order_items_product_id, order_items.quantity AS order_items_quantity, order_items.unit_price AS order_items_unit_price 
FROM order_items 
WHERE ? = order_items.order_id
2026-02-16 13:48:19,869 INFO sqlalchemy.engine.Engine [cached since 0.01465s ago] (2097,)
INFO:sqlalchemy.engine.Engine:[cached since 0.01465s ago] (2097,)
2026-02-16 13:48:19,870 INFO sqlalchemy.engine.Engine SELECT order_payments.id AS order_payments_id, order_payments.order_id AS order_payments_order_id, order_payments.method AS order_payments_method, order_payments.amount AS order_payments_amount, order_payments.created_at AS order_payments_created_at 
FROM order_payments 
WHERE ? = order_payments.order_id
INFO:sqlalchemy.engine.Engine:SELECT order_payments.id AS order_payments_id, order_payments.order_id AS order_payments_order_id, order_payments.method AS order_payments_method, order_payments.amount AS order_payments_amount, order_payments.created_at AS order_payments_created_at 
FROM order_payments 
WHERE ? = order_payments.order_id
2026-02-16 13:48:19,871 INFO sqlalchemy.engine.Engine [cached since 0.01114s ago] (2097,)
INFO:sqlalchemy.engine.Engine:[cached since 0.01114s ago] (2097,)
2026-02-16 13:48:19,871 INFO sqlalchemy.engine.Engine SELECT order_items.id AS order_items_id, order_items.order_id AS order_items_order_id, order_items.product_id AS order_items_product_id, order_items.quantity AS order_items_quantity, order_items.unit_price AS order_items_unit_price 
FROM order_items 
WHERE ? = order_items.order_id
INFO:sqlalchemy.engine.Engine:SELECT order_items.id AS order_items_id, order_items.order_id AS order_items_order_id, order_items.product_id AS order_items_product_id, order_items.quantity AS order_items_quantity, order_items.unit_price AS order_items_unit_price 
FROM order_items 
WHERE ? = order_items.order_id
2026-02-16 13:48:19,872 INFO sqlalchemy.engine.Engine [cached since 0.01729s ago] (2079,)
INFO:sqlalchemy.engine.Engine:[cached since 0.01729s ago] (2079,)
2026-02-16 13:48:19,873 INFO sqlalchemy.engine.Engine SELECT order_payments.id AS order_payments_id, order_payments.order_id AS order_payments_order_id, order_payments.method AS order_payments_method, order_payments.amount AS order_payments_amount, order_payments.created_at AS order_payments_created_at 
FROM order_payments 
WHERE ? = order_payments.order_id
INFO:sqlalchemy.engine.Engine:SELECT order_payments.id AS order_payments_id, order_payments.order_id AS order_payments_order_id, order_payments.method AS order_payments_method, order_payments.amount AS order_payments_amount, order_payments.created_at AS order_payments_created_at 
FROM order_payments 
WHERE ? = order_payments.order_id
2026-02-16 13:48:19,873 INFO sqlalchemy.engine.Engine [cached since 0.01374s ago] (2079,)
INFO:sqlalchemy.engine.Engine:[cached since 0.01374s ago] (2079,)
2026-02-16 13:48:19,874 INFO sqlalchemy.engine.Engine SELECT order_items.id AS order_items_id, order_items.order_id AS order_items_order_id, order_items.product_id AS order_items_product_id, order_items.quantity AS order_items_quantity, order_items.unit_price AS order_items_unit_price 
FROM order_items 
WHERE ? = order_items.order_id
INFO:sqlalchemy.engine.Engine:SELECT order_items.id AS order_items_id, order_items.order_id AS order_items_order_id, order_items.product_id AS order_items_product_id, order_items.quantity AS order_items_quantity, order_items.unit_price AS order_items_unit_price 
FROM order_items 
WHERE ? = order_items.order_id
2026-02-16 13:48:19,874 INFO sqlalchemy.engine.Engine [cached since 0.01989s ago] (2078,)
INFO:sqlalchemy.engine.Engine:[cached since 0.01989s ago] (2078,)
2026-02-16 13:48:19,876 INFO sqlalchemy.engine.Engine SELECT order_payments.id AS order_payments_id, order_payments.order_id AS order_payments_order_id, order_payments.method AS order_payments_method, order_payments.amount AS order_payments_amount, order_payments.created_at AS order_payments_created_at 
FROM order_payments 
WHERE ? = order_payments.order_id
INFO:sqlalchemy.engine.Engine:SELECT order_payments.id AS order_payments_id, order_payments.order_id AS order_payments_order_id, order_payments.method AS order_payments_method, order_payments.amount AS order_payments_amount, order_payments.created_at AS order_payments_created_at 
FROM order_payments 
WHERE ? = order_payments.order_id
2026-02-16 13:48:19,876 INFO sqlalchemy.engine.Engine [cached since 0.01664s ago] (2078,)
INFO:sqlalchemy.engine.Engine:[cached since 0.01664s ago] (2078,)
2026-02-16 13:48:19,877 INFO sqlalchemy.engine.Engine SELECT order_items.id AS order_items_id, order_items.order_id AS order_items_order_id, order_items.product_id AS order_items_product_id, order_items.quantity AS order_items_quantity, order_items.unit_price AS order_items_unit_price 
FROM order_items 
WHERE ? = order_items.order_id
INFO:sqlalchemy.engine.Engine:SELECT order_items.id AS order_items_id, order_items.order_id AS order_items_order_id, order_items.product_id AS order_items_product_id, order_items.quantity AS order_items_quantity, order_items.unit_price AS order_items_unit_price 
FROM order_items 
WHERE ? = order_items.order_id
2026-02-16 13:48:19,877 INFO sqlalchemy.engine.Engine [cached since 0.02304s ago] (2062,)
INFO:sqlalchemy.engine.Engine:[cached since 0.02304s ago] (2062,)
2026-02-16 13:48:19,880 INFO sqlalchemy.engine.Engine SELECT order_payments.id AS order_payments_id, order_payments.order_id AS order_payments_order_id, order_payments.method AS order_payments_method, order_payments.amount AS order_payments_amount, order_payments.created_at AS order_payments_created_at 
FROM order_payments 
WHERE ? = order_payments.order_id
INFO:sqlalchemy.engine.Engine:SELECT order_payments.id AS order_payments_id, order_payments.order_id AS order_payments_order_id, order_payments.method AS order_payments_method, order_payments.amount AS order_payments_amount, order_payments.created_at AS order_payments_created_at 
FROM order_payments 
WHERE ? = order_payments.order_id
2026-02-16 13:48:19,880 INFO sqlalchemy.engine.Engine [cached since 0.02055s ago] (2062,)
INFO:sqlalchemy.engine.Engine:[cached since 0.02055s ago] (2062,)
2026-02-16 13:48:19,881 INFO sqlalchemy.engine.Engine SELECT order_items.id AS order_items_id, order_items.order_id AS order_items_order_id, order_items.product_id AS order_items_product_id, order_items.quantity AS order_items_quantity, order_items.unit_price AS order_items_unit_price 
FROM order_items 
WHERE ? = order_items.order_id
INFO:sqlalchemy.engine.Engine:SELECT order_items.id AS order_items_id, order_items.order_id AS order_items_order_id, order_items.product_id AS order_items_product_id, order_items.quantity AS order_items_quantity, order_items.unit_price AS order_items_unit_price 
FROM order_items 
WHERE ? = order_items.order_id
2026-02-16 13:48:19,881 INFO sqlalchemy.engine.Engine [cached since 0.02671s ago] (2055,)
INFO:sqlalchemy.engine.Engine:[cached since 0.02671s ago] (2055,)
2026-02-16 13:48:19,882 INFO sqlalchemy.engine.Engine SELECT order_payments.id AS order_payments_id, order_payments.order_id AS order_payments_order_id, order_payments.method AS order_payments_method, order_payments.amount AS order_payments_amount, order_payments.created_at AS order_payments_created_at 
FROM order_payments 
WHERE ? = order_payments.order_id
INFO:sqlalchemy.engine.Engine:SELECT order_payments.id AS order_payments_id, order_payments.order_id AS order_payments_order_id, order_payments.method AS order_payments_method, order_payments.amount AS order_payments_amount, order_payments.created_at AS order_payments_created_at 
FROM order_payments 
WHERE ? = order_payments.order_id
2026-02-16 13:48:19,882 INFO sqlalchemy.engine.Engine [cached since 0.02309s ago] (2055,)
INFO:sqlalchemy.engine.Engine:[cached since 0.02309s ago] (2055,)
2026-02-16 13:48:19,883 INFO sqlalchemy.engine.Engine SELECT order_items.id AS order_items_id, order_items.order_id AS order_items_order_id, order_items.product_id AS order_items_product_id, order_items.quantity AS order_items_quantity, order_items.unit_price AS order_items_unit_price 
FROM order_items 
WHERE ? = order_items.order_id
INFO:sqlalchemy.engine.Engine:SELECT order_items.id AS order_items_id, order_items.order_id AS order_items_order_id, order_items.product_id AS order_items_product_id, order_items.quantity AS order_items_quantity, order_items.unit_price AS order_items_unit_price 
FROM order_items 
WHERE ? = order_items.order_id
2026-02-16 13:48:19,884 INFO sqlalchemy.engine.Engine [cached since 0.02922s ago] (2054,)
INFO:sqlalchemy.engine.Engine:[cached since 0.02922s ago] (2054,)
2026-02-16 13:48:19,885 INFO sqlalchemy.engine.Engine SELECT order_payments.id AS order_payments_id, order_payments.order_id AS order_payments_order_id, order_payments.method AS order_payments_method, order_payments.amount AS order_payments_amount, order_payments.created_at AS order_payments_created_at 
FROM order_payments 
WHERE ? = order_payments.order_id
INFO:sqlalchemy.engine.Engine:SELECT order_payments.id AS order_payments_id, order_payments.order_id AS order_payments_order_id, order_payments.method AS order_payments_method, order_payments.amount AS order_payments_amount, order_payments.created_at AS order_payments_created_at 
FROM order_payments 
WHERE ? = order_payments.order_id
2026-02-16 13:48:19,886 INFO sqlalchemy.engine.Engine [cached since 0.02631s ago] (2054,)
INFO:sqlalchemy.engine.Engine:[cached since 0.02631s ago] (2054,)
2026-02-16 13:48:19,887 INFO sqlalchemy.engine.Engine SELECT order_items.id AS order_items_id, order_items.order_id AS order_items_order_id, order_items.product_id AS order_items_product_id, order_items.quantity AS order_items_quantity, order_items.unit_price AS order_items_unit_price 
FROM order_items 
WHERE ? = order_items.order_id
INFO:sqlalchemy.engine.Engine:SELECT order_items.id AS order_items_id, order_items.order_id AS order_items_order_id, order_items.product_id AS order_items_product_id, order_items.quantity AS order_items_quantity, order_items.unit_price AS order_items_unit_price 
FROM order_items 
WHERE ? = order_items.order_id
2026-02-16 13:48:19,887 INFO sqlalchemy.engine.Engine [cached since 0.03298s ago] (2053,)
INFO:sqlalchemy.engine.Engine:[cached since 0.03298s ago] (2053,)
2026-02-16 13:48:19,889 INFO sqlalchemy.engine.Engine SELECT order_payments.id AS order_payments_id, order_payments.order_id AS order_payments_order_id, order_payments.method AS order_payments_method, order_payments.amount AS order_payments_amount, order_payments.created_at AS order_payments_created_at 
FROM order_payments 
WHERE ? = order_payments.order_id
INFO:sqlalchemy.engine.Engine:SELECT order_payments.id AS order_payments_id, order_payments.order_id AS order_payments_order_id, order_payments.method AS order_payments_method, order_payments.amount AS order_payments_amount, order_payments.created_at AS order_payments_created_at 
FROM order_payments 
WHERE ? = order_payments.order_id
2026-02-16 13:48:19,890 INFO sqlalchemy.engine.Engine [cached since 0.03011s ago] (2053,)
INFO:sqlalchemy.engine.Engine:[cached since 0.03011s ago] (2053,)
2026-02-16 13:48:19,891 INFO sqlalchemy.engine.Engine SELECT order_items.id AS order_items_id, order_items.order_id AS order_items_order_id, order_items.product_id AS order_items_product_id, order_items.quantity AS order_items_quantity, order_items.unit_price AS order_items_unit_price 
FROM order_items 
WHERE ? = order_items.order_id
INFO:sqlalchemy.engine.Engine:SELECT order_items.id AS order_items_id, order_items.order_id AS order_items_order_id, order_items.product_id AS order_items_product_id, order_items.quantity AS order_items_quantity, order_items.unit_price AS order_items_unit_price 
FROM order_items 
WHERE ? = order_items.order_id
2026-02-16 13:48:19,891 INFO sqlalchemy.engine.Engine [cached since 0.03642s ago] (2052,)
INFO:sqlalchemy.engine.Engine:[cached since 0.03642s ago] (2052,)
2026-02-16 13:48:19,892 INFO sqlalchemy.engine.Engine SELECT order_payments.id AS order_payments_id, order_payments.order_id AS order_payments_order_id, order_payments.method AS order_payments_method, order_payments.amount AS order_payments_amount, order_payments.created_at AS order_payments_created_at 
FROM order_payments 
WHERE ? = order_payments.order_id
INFO:sqlalchemy.engine.Engine:SELECT order_payments.id AS order_payments_id, order_payments.order_id AS order_payments_order_id, order_payments.method AS order_payments_method, order_payments.amount AS order_payments_amount, order_payments.created_at AS order_payments_created_at 
FROM order_payments 
WHERE ? = order_payments.order_id
2026-02-16 13:48:19,892 INFO sqlalchemy.engine.Engine [cached since 0.03274s ago] (2052,)
INFO:sqlalchemy.engine.Engine:[cached since 0.03274s ago] (2052,)
2026-02-16 13:48:19,893 INFO sqlalchemy.engine.Engine SELECT order_items.id AS order_items_id, order_items.order_id AS order_items_order_id, order_items.product_id AS order_items_product_id, order_items.quantity AS order_items_quantity, order_items.unit_price AS order_items_unit_price 
FROM order_items 
WHERE ? = order_items.order_id
INFO:sqlalchemy.engine.Engine:SELECT order_items.id AS order_items_id, order_items.order_id AS order_items_order_id, order_items.product_id AS order_items_product_id, order_items.quantity AS order_items_quantity, order_items.unit_price AS order_items_unit_price 
FROM order_items 
WHERE ? = order_items.order_id
2026-02-16 13:48:19,893 INFO sqlalchemy.engine.Engine [cached since 0.03862s ago] (2029,)
INFO:sqlalchemy.engine.Engine:[cached since 0.03862s ago] (2029,)
2026-02-16 13:48:19,894 INFO sqlalchemy.engine.Engine SELECT order_payments.id AS order_payments_id, order_payments.order_id AS order_payments_order_id, order_payments.method AS order_payments_method, order_payments.amount AS order_payments_amount, order_payments.created_at AS order_payments_created_at 
FROM order_payments 
WHERE ? = order_payments.order_id
INFO:sqlalchemy.engine.Engine:SELECT order_payments.id AS order_payments_id, order_payments.order_id AS order_payments_order_id, order_payments.method AS order_payments_method, order_payments.amount AS order_payments_amount, order_payments.created_at AS order_payments_created_at 
FROM order_payments 
WHERE ? = order_payments.order_id
2026-02-16 13:48:19,894 INFO sqlalchemy.engine.Engine [cached since 0.03457s ago] (2029,)
INFO:sqlalchemy.engine.Engine:[cached since 0.03457s ago] (2029,)
2026-02-16 13:48:19,894 INFO sqlalchemy.engine.Engine SELECT order_items.id AS order_items_id, order_items.order_id AS order_items_order_id, order_items.product_id AS order_items_product_id, order_items.quantity AS order_items_quantity, order_items.unit_price AS order_items_unit_price 
FROM order_items 
WHERE ? = order_items.order_id
INFO:sqlalchemy.engine.Engine:SELECT order_items.id AS order_items_id, order_items.order_id AS order_items_order_id, order_items.product_id AS order_items_product_id, order_items.quantity AS order_items_quantity, order_items.unit_price AS order_items_unit_price 
FROM order_items 
WHERE ? = order_items.order_id
2026-02-16 13:48:19,895 INFO sqlalchemy.engine.Engine [cached since 0.04027s ago] (2010,)
INFO:sqlalchemy.engine.Engine:[cached since 0.04027s ago] (2010,)
2026-02-16 13:48:19,895 INFO sqlalchemy.engine.Engine SELECT order_payments.id AS order_payments_id, order_payments.order_id AS order_payments_order_id, order_payments.method AS order_payments_method, order_payments.amount AS order_payments_amount, order_payments.created_at AS order_payments_created_at 
FROM order_payments 
WHERE ? = order_payments.order_id
INFO:sqlalchemy.engine.Engine:SELECT order_payments.id AS order_payments_id, order_payments.order_id AS order_payments_order_id, order_payments.method AS order_payments_method, order_payments.amount AS order_payments_amount, order_payments.created_at AS order_payments_created_at 
FROM order_payments 
WHERE ? = order_payments.order_id
2026-02-16 13:48:19,895 INFO sqlalchemy.engine.Engine [cached since 0.03602s ago] (2010,)
INFO:sqlalchemy.engine.Engine:[cached since 0.03602s ago] (2010,)
2026-02-16 13:48:19,896 INFO sqlalchemy.engine.Engine SELECT order_items.id AS order_items_id, order_items.order_id AS order_items_order_id, order_items.product_id AS order_items_product_id, order_items.quantity AS order_items_quantity, order_items.unit_price AS order_items_unit_price 
FROM order_items 
WHERE ? = order_items.order_id
INFO:sqlalchemy.engine.Engine:SELECT order_items.id AS order_items_id, order_items.order_id AS order_items_order_id, order_items.product_id AS order_items_product_id, order_items.quantity AS order_items_quantity, order_items.unit_price AS order_items_unit_price 
FROM order_items 
WHERE ? = order_items.order_id
2026-02-16 13:48:19,896 INFO sqlalchemy.engine.Engine [cached since 0.04165s ago] (2005,)
INFO:sqlalchemy.engine.Engine:[cached since 0.04165s ago] (2005,)
2026-02-16 13:48:19,897 INFO sqlalchemy.engine.Engine SELECT order_payments.id AS order_payments_id, order_payments.order_id AS order_payments_order_id, order_payments.method AS order_payments_method, order_payments.amount AS order_payments_amount, order_payments.created_at AS order_payments_created_at 
FROM order_payments 
WHERE ? = order_payments.order_id
INFO:sqlalchemy.engine.Engine:SELECT order_payments.id AS order_payments_id, order_payments.order_id AS order_payments_order_id, order_payments.method AS order_payments_method, order_payments.amount AS order_payments_amount, order_payments.created_at AS order_payments_created_at 
FROM order_payments 
WHERE ? = order_payments.order_id
2026-02-16 13:48:19,897 INFO sqlalchemy.engine.Engine [cached since 0.03742s ago] (2005,)
INFO:sqlalchemy.engine.Engine:[cached since 0.03742s ago] (2005,)
2026-02-16 13:48:19,898 INFO sqlalchemy.engine.Engine SELECT order_items.id AS order_items_id, order_items.order_id AS order_items_order_id, order_items.product_id AS order_items_product_id, order_items.quantity AS order_items_quantity, order_items.unit_price AS order_items_unit_price 
FROM order_items 
WHERE ? = order_items.order_id
INFO:sqlalchemy.engine.Engine:SELECT order_items.id AS order_items_id, order_items.order_id AS order_items_order_id, order_items.product_id AS order_items_product_id, order_items.quantity AS order_items_quantity, order_items.unit_price AS order_items_unit_price 
FROM order_items 
WHERE ? = order_items.order_id
2026-02-16 13:48:19,898 INFO sqlalchemy.engine.Engine [cached since 0.04393s ago] (1997,)
INFO:sqlalchemy.engine.Engine:[cached since 0.04393s ago] (1997,)
2026-02-16 13:48:19,900 INFO sqlalchemy.engine.Engine SELECT order_payments.id AS order_payments_id, order_payments.order_id AS order_payments_order_id, order_payments.method AS order_payments_method, order_payments.amount AS order_payments_amount, order_payments.created_at AS order_payments_created_at 
FROM order_payments 
WHERE ? = order_payments.order_id
INFO:sqlalchemy.engine.Engine:SELECT order_payments.id AS order_payments_id, order_payments.order_id AS order_payments_order_id, order_payments.method AS order_payments_method, order_payments.amount AS order_payments_amount, order_payments.created_at AS order_payments_created_at 
FROM order_payments 
WHERE ? = order_payments.order_id
2026-02-16 13:48:19,900 INFO sqlalchemy.engine.Engine [cached since 0.04071s ago] (1997,)
INFO:sqlalchemy.engine.Engine:[cached since 0.04071s ago] (1997,)
2026-02-16 13:48:19,901 INFO sqlalchemy.engine.Engine SELECT order_items.id AS order_items_id, order_items.order_id AS order_items_order_id, order_items.product_id AS order_items_product_id, order_items.quantity AS order_items_quantity, order_items.unit_price AS order_items_unit_price 
FROM order_items 
WHERE ? = order_items.order_id
INFO:sqlalchemy.engine.Engine:SELECT order_items.id AS order_items_id, order_items.order_id AS order_items_order_id, order_items.product_id AS order_items_product_id, order_items.quantity AS order_items_quantity, order_items.unit_price AS order_items_unit_price 
FROM order_items 
WHERE ? = order_items.order_id
2026-02-16 13:48:19,901 INFO sqlalchemy.engine.Engine [cached since 0.04664s ago] (1995,)
INFO:sqlalchemy.engine.Engine:[cached since 0.04664s ago] (1995,)
2026-02-16 13:48:19,902 INFO sqlalchemy.engine.Engine SELECT order_payments.id AS order_payments_id, order_payments.order_id AS order_payments_order_id, order_payments.method AS order_payments_method, order_payments.amount AS order_payments_amount, order_payments.created_at AS order_payments_created_at 
FROM order_payments 
WHERE ? = order_payments.order_id
INFO:sqlalchemy.engine.Engine:SELECT order_payments.id AS order_payments_id, order_payments.order_id AS order_payments_order_id, order_payments.method AS order_payments_method, order_payments.amount AS order_payments_amount, order_payments.created_at AS order_payments_created_at 
FROM order_payments 
WHERE ? = order_payments.order_id
2026-02-16 13:48:19,902 INFO sqlalchemy.engine.Engine [cached since 0.04265s ago] (1995,)
INFO:sqlalchemy.engine.Engine:[cached since 0.04265s ago] (1995,)
2026-02-16 13:48:19,903 INFO sqlalchemy.engine.Engine SELECT order_items.id AS order_items_id, order_items.order_id AS order_items_order_id, order_items.product_id AS order_items_product_id, order_items.quantity AS order_items_quantity, order_items.unit_price AS order_items_unit_price 
FROM order_items 
WHERE ? = order_items.order_id
INFO:sqlalchemy.engine.Engine:SELECT order_items.id AS order_items_id, order_items.order_id AS order_items_order_id, order_items.product_id AS order_items_product_id, order_items.quantity AS order_items_quantity, order_items.unit_price AS order_items_unit_price 
FROM order_items 
WHERE ? = order_items.order_id
2026-02-16 13:48:19,903 INFO sqlalchemy.engine.Engine [cached since 0.04846s ago] (1992,)
INFO:sqlalchemy.engine.Engine:[cached since 0.04846s ago] (1992,)
2026-02-16 13:48:19,904 INFO sqlalchemy.engine.Engine SELECT order_payments.id AS order_payments_id, order_payments.order_id AS order_payments_order_id, order_payments.method AS order_payments_method, order_payments.amount AS order_payments_amount, order_payments.created_at AS order_payments_created_at 
FROM order_payments 
WHERE ? = order_payments.order_id
INFO:sqlalchemy.engine.Engine:SELECT order_payments.id AS order_payments_id, order_payments.order_id AS order_payments_order_id, order_payments.method AS order_payments_method, order_payments.amount AS order_payments_amount, order_payments.created_at AS order_payments_created_at 
FROM order_payments 
WHERE ? = order_payments.order_id
2026-02-16 13:48:19,904 INFO sqlalchemy.engine.Engine [cached since 0.04458s ago] (1992,)
INFO:sqlalchemy.engine.Engine:[cached since 0.04458s ago] (1992,)
2026-02-16 13:48:19,905 INFO sqlalchemy.engine.Engine SELECT order_items.id AS order_items_id, order_items.order_id AS order_items_order_id, order_items.product_id AS order_items_product_id, order_items.quantity AS order_items_quantity, order_items.unit_price AS order_items_unit_price 
FROM order_items 
WHERE ? = order_items.order_id
INFO:sqlalchemy.engine.Engine:SELECT order_items.id AS order_items_id, order_items.order_id AS order_items_order_id, order_items.product_id AS order_items_product_id, order_items.quantity AS order_items_quantity, order_items.unit_price AS order_items_unit_price 
FROM order_items 
WHERE ? = order_items.order_id
2026-02-16 13:48:19,905 INFO sqlalchemy.engine.Engine [cached since 0.05069s ago] (1973,)
INFO:sqlalchemy.engine.Engine:[cached since 0.05069s ago] (1973,)
2026-02-16 13:48:19,906 INFO sqlalchemy.engine.Engine SELECT order_payments.id AS order_payments_id, order_payments.order_id AS order_payments_order_id, order_payments.method AS order_payments_method, order_payments.amount AS order_payments_amount, order_payments.created_at AS order_payments_created_at 
FROM order_payments 
WHERE ? = order_payments.order_id
INFO:sqlalchemy.engine.Engine:SELECT order_payments.id AS order_payments_id, order_payments.order_id AS order_payments_order_id, order_payments.method AS order_payments_method, order_payments.amount AS order_payments_amount, order_payments.created_at AS order_payments_created_at 
FROM order_payments 
WHERE ? = order_payments.order_id
2026-02-16 13:48:19,906 INFO sqlalchemy.engine.Engine [cached since 0.0468s ago] (1973,)
INFO:sqlalchemy.engine.Engine:[cached since 0.0468s ago] (1973,)
2026-02-16 13:48:19,908 INFO sqlalchemy.engine.Engine ROLLBACK
INFO:sqlalchemy.engine.Engine:ROLLBACK
INFO:     127.0.0.1:48188 - "GET /orders/?status=pending HTTP/1.1" 200 OK
WARNING:root:[AUTH] Token recebido: eyJhbGciOiJIUzI1NiIsInR5cCI6IkpXVCJ9.eyJzdWIiOiJhZG1pbiIsInJvbGUiOiJnZXJlbnRlIiwiZXhwIjoxNzcxMjg5MTU1fQ.GLdTkr5BXymLjH3oROytsV3xS-FGB6q4eeo7QxLWi-8
WARNING:root:[AUTH] Payload decodificado: {'sub': 'admin', 'role': 'gerente', 'exp': 1771289155}
2026-02-16 13:48:33,798 INFO sqlalchemy.engine.Engine BEGIN (implicit)
INFO:sqlalchemy.engine.Engine:BEGIN (implicit)
2026-02-16 13:48:33,798 INFO sqlalchemy.engine.Engine SELECT users.id AS users_id, users.username AS users_username, users.password_hash AS users_password_hash, users.role AS users_role 
FROM users 
WHERE users.username = ?
 LIMIT ? OFFSET ?
INFO:sqlalchemy.engine.Engine:SELECT users.id AS users_id, users.username AS users_username, users.password_hash AS users_password_hash, users.role AS users_role 
FROM users 
WHERE users.username = ?
 LIMIT ? OFFSET ?
2026-02-16 13:48:33,799 INFO sqlalchemy.engine.Engine [cached since 13.96s ago] ('admin', 1, 0)
INFO:sqlalchemy.engine.Engine:[cached since 13.96s ago] ('admin', 1, 0)
2026-02-16 13:48:33,802 INFO sqlalchemy.engine.Engine SELECT orders.id AS orders_id, orders.order_number AS orders_order_number, orders.created_at AS orders_created_at, orders.status AS orders_status, orders.customer_name AS orders_customer_name, orders.table_ref AS orders_table_ref, orders.paid_at AS orders_paid_at, orders.payment_method AS orders_payment_method 
FROM orders 
WHERE lower(orders.customer_name) LIKE lower(?) OR lower(orders.table_ref) LIKE lower(?) OR orders.order_number = ? OR orders.id = ? ORDER BY orders.created_at DESC
INFO:sqlalchemy.engine.Engine:SELECT orders.id AS orders_id, orders.order_number AS orders_order_number, orders.created_at AS orders_created_at, orders.status AS orders_status, orders.customer_name AS orders_customer_name, orders.table_ref AS orders_table_ref, orders.paid_at AS orders_paid_at, orders.payment_method AS orders_payment_method 
FROM orders 
WHERE lower(orders.customer_name) LIKE lower(?) OR lower(orders.table_ref) LIKE lower(?) OR orders.order_number = ? OR orders.id = ? ORDER BY orders.created_at DESC
2026-02-16 13:48:33,802 INFO sqlalchemy.engine.Engine [generated in 0.00040s] ('%132%', '%132%', 132, 132)
INFO:sqlalchemy.engine.Engine:[generated in 0.00040s] ('%132%', '%132%', 132, 132)
[DEBUG] /orders retornou 10 pedidos para o usuário admin (papel: UserRole.gerente)
2026-02-16 13:48:33,807 INFO sqlalchemy.engine.Engine SELECT order_items.id AS order_items_id, order_items.order_id AS order_items_order_id, order_items.product_id AS order_items_product_id, order_items.quantity AS order_items_quantity, order_items.unit_price AS order_items_unit_price 
FROM order_items 
WHERE ? = order_items.order_id
INFO:sqlalchemy.engine.Engine:SELECT order_items.id AS order_items_id, order_items.order_id AS order_items_order_id, order_items.product_id AS order_items_product_id, order_items.quantity AS order_items_quantity, order_items.unit_price AS order_items_unit_price 
FROM order_items 
WHERE ? = order_items.order_id
2026-02-16 13:48:33,807 INFO sqlalchemy.engine.Engine [cached since 13.95s ago] (2183,)
INFO:sqlalchemy.engine.Engine:[cached since 13.95s ago] (2183,)
2026-02-16 13:48:33,809 INFO sqlalchemy.engine.Engine SELECT order_payments.id AS order_payments_id, order_payments.order_id AS order_payments_order_id, order_payments.method AS order_payments_method, order_payments.amount AS order_payments_amount, order_payments.created_at AS order_payments_created_at 
FROM order_payments 
WHERE ? = order_payments.order_id
INFO:sqlalchemy.engine.Engine:SELECT order_payments.id AS order_payments_id, order_payments.order_id AS order_payments_order_id, order_payments.method AS order_payments_method, order_payments.amount AS order_payments_amount, order_payments.created_at AS order_payments_created_at 
FROM order_payments 
WHERE ? = order_payments.order_id
2026-02-16 13:48:33,809 INFO sqlalchemy.engine.Engine [cached since 13.95s ago] (2183,)
INFO:sqlalchemy.engine.Engine:[cached since 13.95s ago] (2183,)
2026-02-16 13:48:33,810 INFO sqlalchemy.engine.Engine SELECT order_items.id AS order_items_id, order_items.order_id AS order_items_order_id, order_items.product_id AS order_items_product_id, order_items.quantity AS order_items_quantity, order_items.unit_price AS order_items_unit_price 
FROM order_items 
WHERE ? = order_items.order_id
INFO:sqlalchemy.engine.Engine:SELECT order_items.id AS order_items_id, order_items.order_id AS order_items_order_id, order_items.product_id AS order_items_product_id, order_items.quantity AS order_items_quantity, order_items.unit_price AS order_items_unit_price 
FROM order_items 
WHERE ? = order_items.order_id
2026-02-16 13:48:33,810 INFO sqlalchemy.engine.Engine [cached since 13.96s ago] (1698,)
INFO:sqlalchemy.engine.Engine:[cached since 13.96s ago] (1698,)
2026-02-16 13:48:33,812 INFO sqlalchemy.engine.Engine SELECT order_payments.id AS order_payments_id, order_payments.order_id AS order_payments_order_id, order_payments.method AS order_payments_method, order_payments.amount AS order_payments_amount, order_payments.created_at AS order_payments_created_at 
FROM order_payments 
WHERE ? = order_payments.order_id
INFO:sqlalchemy.engine.Engine:SELECT order_payments.id AS order_payments_id, order_payments.order_id AS order_payments_order_id, order_payments.method AS order_payments_method, order_payments.amount AS order_payments_amount, order_payments.created_at AS order_payments_created_at 
FROM order_payments 
WHERE ? = order_payments.order_id
2026-02-16 13:48:33,812 INFO sqlalchemy.engine.Engine [cached since 13.95s ago] (1698,)
INFO:sqlalchemy.engine.Engine:[cached since 13.95s ago] (1698,)
2026-02-16 13:48:33,813 INFO sqlalchemy.engine.Engine SELECT order_items.id AS order_items_id, order_items.order_id AS order_items_order_id, order_items.product_id AS order_items_product_id, order_items.quantity AS order_items_quantity, order_items.unit_price AS order_items_unit_price 
FROM order_items 
WHERE ? = order_items.order_id
INFO:sqlalchemy.engine.Engine:SELECT order_items.id AS order_items_id, order_items.order_id AS order_items_order_id, order_items.product_id AS order_items_product_id, order_items.quantity AS order_items_quantity, order_items.unit_price AS order_items_unit_price 
FROM order_items 
WHERE ? = order_items.order_id
2026-02-16 13:48:33,813 INFO sqlalchemy.engine.Engine [cached since 13.96s ago] (1507,)
INFO:sqlalchemy.engine.Engine:[cached since 13.96s ago] (1507,)
2026-02-16 13:48:33,815 INFO sqlalchemy.engine.Engine SELECT order_payments.id AS order_payments_id, order_payments.order_id AS order_payments_order_id, order_payments.method AS order_payments_method, order_payments.amount AS order_payments_amount, order_payments.created_at AS order_payments_created_at 
FROM order_payments 
WHERE ? = order_payments.order_id
INFO:sqlalchemy.engine.Engine:SELECT order_payments.id AS order_payments_id, order_payments.order_id AS order_payments_order_id, order_payments.method AS order_payments_method, order_payments.amount AS order_payments_amount, order_payments.created_at AS order_payments_created_at 
FROM order_payments 
WHERE ? = order_payments.order_id
2026-02-16 13:48:33,815 INFO sqlalchemy.engine.Engine [cached since 13.96s ago] (1507,)
INFO:sqlalchemy.engine.Engine:[cached since 13.96s ago] (1507,)
2026-02-16 13:48:33,816 INFO sqlalchemy.engine.Engine SELECT order_items.id AS order_items_id, order_items.order_id AS order_items_order_id, order_items.product_id AS order_items_product_id, order_items.quantity AS order_items_quantity, order_items.unit_price AS order_items_unit_price 
FROM order_items 
WHERE ? = order_items.order_id
INFO:sqlalchemy.engine.Engine:SELECT order_items.id AS order_items_id, order_items.order_id AS order_items_order_id, order_items.product_id AS order_items_product_id, order_items.quantity AS order_items_quantity, order_items.unit_price AS order_items_unit_price 
FROM order_items 
WHERE ? = order_items.order_id
2026-02-16 13:48:33,816 INFO sqlalchemy.engine.Engine [cached since 13.96s ago] (1346,)
INFO:sqlalchemy.engine.Engine:[cached since 13.96s ago] (1346,)
2026-02-16 13:48:33,817 INFO sqlalchemy.engine.Engine SELECT order_payments.id AS order_payments_id, order_payments.order_id AS order_payments_order_id, order_payments.method AS order_payments_method, order_payments.amount AS order_payments_amount, order_payments.created_at AS order_payments_created_at 
FROM order_payments 
WHERE ? = order_payments.order_id
INFO:sqlalchemy.engine.Engine:SELECT order_payments.id AS order_payments_id, order_payments.order_id AS order_payments_order_id, order_payments.method AS order_payments_method, order_payments.amount AS order_payments_amount, order_payments.created_at AS order_payments_created_at 
FROM order_payments 
WHERE ? = order_payments.order_id
2026-02-16 13:48:33,817 INFO sqlalchemy.engine.Engine [cached since 13.96s ago] (1346,)
INFO:sqlalchemy.engine.Engine:[cached since 13.96s ago] (1346,)
2026-02-16 13:48:33,818 INFO sqlalchemy.engine.Engine SELECT order_items.id AS order_items_id, order_items.order_id AS order_items_order_id, order_items.product_id AS order_items_product_id, order_items.quantity AS order_items_quantity, order_items.unit_price AS order_items_unit_price 
FROM order_items 
WHERE ? = order_items.order_id
INFO:sqlalchemy.engine.Engine:SELECT order_items.id AS order_items_id, order_items.order_id AS order_items_order_id, order_items.product_id AS order_items_product_id, order_items.quantity AS order_items_quantity, order_items.unit_price AS order_items_unit_price 
FROM order_items 
WHERE ? = order_items.order_id
2026-02-16 13:48:33,818 INFO sqlalchemy.engine.Engine [cached since 13.96s ago] (979,)
INFO:sqlalchemy.engine.Engine:[cached since 13.96s ago] (979,)
2026-02-16 13:48:33,820 INFO sqlalchemy.engine.Engine SELECT order_payments.id AS order_payments_id, order_payments.order_id AS order_payments_order_id, order_payments.method AS order_payments_method, order_payments.amount AS order_payments_amount, order_payments.created_at AS order_payments_created_at 
FROM order_payments 
WHERE ? = order_payments.order_id
INFO:sqlalchemy.engine.Engine:SELECT order_payments.id AS order_payments_id, order_payments.order_id AS order_payments_order_id, order_payments.method AS order_payments_method, order_payments.amount AS order_payments_amount, order_payments.created_at AS order_payments_created_at 
FROM order_payments 
WHERE ? = order_payments.order_id
2026-02-16 13:48:33,820 INFO sqlalchemy.engine.Engine [cached since 13.96s ago] (979,)
INFO:sqlalchemy.engine.Engine:[cached since 13.96s ago] (979,)
2026-02-16 13:48:33,822 INFO sqlalchemy.engine.Engine SELECT order_items.id AS order_items_id, order_items.order_id AS order_items_order_id, order_items.product_id AS order_items_product_id, order_items.quantity AS order_items_quantity, order_items.unit_price AS order_items_unit_price 
FROM order_items 
WHERE ? = order_items.order_id
INFO:sqlalchemy.engine.Engine:SELECT order_items.id AS order_items_id, order_items.order_id AS order_items_order_id, order_items.product_id AS order_items_product_id, order_items.quantity AS order_items_quantity, order_items.unit_price AS order_items_unit_price 
FROM order_items 
WHERE ? = order_items.order_id
2026-02-16 13:48:33,822 INFO sqlalchemy.engine.Engine [cached since 13.97s ago] (811,)
INFO:sqlalchemy.engine.Engine:[cached since 13.97s ago] (811,)
2026-02-16 13:48:33,823 INFO sqlalchemy.engine.Engine SELECT order_payments.id AS order_payments_id, order_payments.order_id AS order_payments_order_id, order_payments.method AS order_payments_method, order_payments.amount AS order_payments_amount, order_payments.created_at AS order_payments_created_at 
FROM order_payments 
WHERE ? = order_payments.order_id
INFO:sqlalchemy.engine.Engine:SELECT order_payments.id AS order_payments_id, order_payments.order_id AS order_payments_order_id, order_payments.method AS order_payments_method, order_payments.amount AS order_payments_amount, order_payments.created_at AS order_payments_created_at 
FROM order_payments 
WHERE ? = order_payments.order_id
2026-02-16 13:48:33,824 INFO sqlalchemy.engine.Engine [cached since 13.96s ago] (811,)
INFO:sqlalchemy.engine.Engine:[cached since 13.96s ago] (811,)
2026-02-16 13:48:33,825 INFO sqlalchemy.engine.Engine SELECT order_items.id AS order_items_id, order_items.order_id AS order_items_order_id, order_items.product_id AS order_items_product_id, order_items.quantity AS order_items_quantity, order_items.unit_price AS order_items_unit_price 
FROM order_items 
WHERE ? = order_items.order_id
INFO:sqlalchemy.engine.Engine:SELECT order_items.id AS order_items_id, order_items.order_id AS order_items_order_id, order_items.product_id AS order_items_product_id, order_items.quantity AS order_items_quantity, order_items.unit_price AS order_items_unit_price 
FROM order_items 
WHERE ? = order_items.order_id
2026-02-16 13:48:33,825 INFO sqlalchemy.engine.Engine [cached since 13.97s ago] (677,)
INFO:sqlalchemy.engine.Engine:[cached since 13.97s ago] (677,)
2026-02-16 13:48:33,826 INFO sqlalchemy.engine.Engine SELECT order_payments.id AS order_payments_id, order_payments.order_id AS order_payments_order_id, order_payments.method AS order_payments_method, order_payments.amount AS order_payments_amount, order_payments.created_at AS order_payments_created_at 
FROM order_payments 
WHERE ? = order_payments.order_id
INFO:sqlalchemy.engine.Engine:SELECT order_payments.id AS order_payments_id, order_payments.order_id AS order_payments_order_id, order_payments.method AS order_payments_method, order_payments.amount AS order_payments_amount, order_payments.created_at AS order_payments_created_at 
FROM order_payments 
WHERE ? = order_payments.order_id
2026-02-16 13:48:33,826 INFO sqlalchemy.engine.Engine [cached since 13.97s ago] (677,)
INFO:sqlalchemy.engine.Engine:[cached since 13.97s ago] (677,)
2026-02-16 13:48:33,827 INFO sqlalchemy.engine.Engine SELECT order_items.id AS order_items_id, order_items.order_id AS order_items_order_id, order_items.product_id AS order_items_product_id, order_items.quantity AS order_items_quantity, order_items.unit_price AS order_items_unit_price 
FROM order_items 
WHERE ? = order_items.order_id
INFO:sqlalchemy.engine.Engine:SELECT order_items.id AS order_items_id, order_items.order_id AS order_items_order_id, order_items.product_id AS order_items_product_id, order_items.quantity AS order_items_quantity, order_items.unit_price AS order_items_unit_price 
FROM order_items 
WHERE ? = order_items.order_id
2026-02-16 13:48:33,828 INFO sqlalchemy.engine.Engine [cached since 13.97s ago] (529,)
INFO:sqlalchemy.engine.Engine:[cached since 13.97s ago] (529,)
2026-02-16 13:48:33,829 INFO sqlalchemy.engine.Engine SELECT order_payments.id AS order_payments_id, order_payments.order_id AS order_payments_order_id, order_payments.method AS order_payments_method, order_payments.amount AS order_payments_amount, order_payments.created_at AS order_payments_created_at 
FROM order_payments 
WHERE ? = order_payments.order_id
INFO:sqlalchemy.engine.Engine:SELECT order_payments.id AS order_payments_id, order_payments.order_id AS order_payments_order_id, order_payments.method AS order_payments_method, order_payments.amount AS order_payments_amount, order_payments.created_at AS order_payments_created_at 
FROM order_payments 
WHERE ? = order_payments.order_id
2026-02-16 13:48:33,830 INFO sqlalchemy.engine.Engine [cached since 13.97s ago] (529,)
INFO:sqlalchemy.engine.Engine:[cached since 13.97s ago] (529,)
2026-02-16 13:48:33,830 INFO sqlalchemy.engine.Engine SELECT order_items.id AS order_items_id, order_items.order_id AS order_items_order_id, order_items.product_id AS order_items_product_id, order_items.quantity AS order_items_quantity, order_items.unit_price AS order_items_unit_price 
FROM order_items 
WHERE ? = order_items.order_id
INFO:sqlalchemy.engine.Engine:SELECT order_items.id AS order_items_id, order_items.order_id AS order_items_order_id, order_items.product_id AS order_items_product_id, order_items.quantity AS order_items_quantity, order_items.unit_price AS order_items_unit_price 
FROM order_items 
WHERE ? = order_items.order_id
2026-02-16 13:48:33,831 INFO sqlalchemy.engine.Engine [cached since 13.98s ago] (265,)
INFO:sqlalchemy.engine.Engine:[cached since 13.98s ago] (265,)
2026-02-16 13:48:33,831 INFO sqlalchemy.engine.Engine SELECT order_payments.id AS order_payments_id, order_payments.order_id AS order_payments_order_id, order_payments.method AS order_payments_method, order_payments.amount AS order_payments_amount, order_payments.created_at AS order_payments_created_at 
FROM order_payments 
WHERE ? = order_payments.order_id
INFO:sqlalchemy.engine.Engine:SELECT order_payments.id AS order_payments_id, order_payments.order_id AS order_payments_order_id, order_payments.method AS order_payments_method, order_payments.amount AS order_payments_amount, order_payments.created_at AS order_payments_created_at 
FROM order_payments 
WHERE ? = order_payments.order_id
2026-02-16 13:48:33,832 INFO sqlalchemy.engine.Engine [cached since 13.97s ago] (265,)
INFO:sqlalchemy.engine.Engine:[cached since 13.97s ago] (265,)
2026-02-16 13:48:33,832 INFO sqlalchemy.engine.Engine SELECT order_items.id AS order_items_id, order_items.order_id AS order_items_order_id, order_items.product_id AS order_items_product_id, order_items.quantity AS order_items_quantity, order_items.unit_price AS order_items_unit_price 
FROM order_items 
WHERE ? = order_items.order_id
INFO:sqlalchemy.engine.Engine:SELECT order_items.id AS order_items_id, order_items.order_id AS order_items_order_id, order_items.product_id AS order_items_product_id, order_items.quantity AS order_items_quantity, order_items.unit_price AS order_items_unit_price 
FROM order_items 
WHERE ? = order_items.order_id
2026-02-16 13:48:33,832 INFO sqlalchemy.engine.Engine [cached since 13.98s ago] (132,)
INFO:sqlalchemy.engine.Engine:[cached since 13.98s ago] (132,)
2026-02-16 13:48:33,833 INFO sqlalchemy.engine.Engine SELECT order_payments.id AS order_payments_id, order_payments.order_id AS order_payments_order_id, order_payments.method AS order_payments_method, order_payments.amount AS order_payments_amount, order_payments.created_at AS order_payments_created_at 
FROM order_payments 
WHERE ? = order_payments.order_id
INFO:sqlalchemy.engine.Engine:SELECT order_payments.id AS order_payments_id, order_payments.order_id AS order_payments_order_id, order_payments.method AS order_payments_method, order_payments.amount AS order_payments_amount, order_payments.created_at AS order_payments_created_at 
FROM order_payments 
WHERE ? = order_payments.order_id
2026-02-16 13:48:33,833 INFO sqlalchemy.engine.Engine [cached since 13.97s ago] (132,)
INFO:sqlalchemy.engine.Engine:[cached since 13.97s ago] (132,)
2026-02-16 13:48:33,834 INFO sqlalchemy.engine.Engine ROLLBACK
INFO:sqlalchemy.engine.Engine:ROLLBACK
INFO:     127.0.0.1:45298 - "GET /orders/?q=132 HTTP/1.1" 200 OK
WARNING:root:[AUTH] Token recebido: eyJhbGciOiJIUzI1NiIsInR5cCI6IkpXVCJ9.eyJzdWIiOiJhZG1pbiIsInJvbGUiOiJnZXJlbnRlIiwiZXhwIjoxNzcxMjg5MTU1fQ.GLdTkr5BXymLjH3oROytsV3xS-FGB6q4eeo7QxLWi-8
WARNING:root:[AUTH] Payload decodificado: {'sub': 'admin', 'role': 'gerente', 'exp': 1771289155}
2026-02-16 13:48:57,591 INFO sqlalchemy.engine.Engine BEGIN (implicit)
INFO:sqlalchemy.engine.Engine:BEGIN (implicit)
2026-02-16 13:48:57,591 INFO sqlalchemy.engine.Engine SELECT users.id AS users_id, users.username AS users_username, users.password_hash AS users_password_hash, users.role AS users_role 
FROM users 
WHERE users.username = ?
 LIMIT ? OFFSET ?
INFO:sqlalchemy.engine.Engine:SELECT users.id AS users_id, users.username AS users_username, users.password_hash AS users_password_hash, users.role AS users_role 
FROM users 
WHERE users.username = ?
 LIMIT ? OFFSET ?
2026-02-16 13:48:57,592 INFO sqlalchemy.engine.Engine [cached since 37.75s ago] ('admin', 1, 0)
INFO:sqlalchemy.engine.Engine:[cached since 37.75s ago] ('admin', 1, 0)
2026-02-16 13:48:57,594 INFO sqlalchemy.engine.Engine SELECT orders.id AS orders_id, orders.order_number AS orders_order_number, orders.created_at AS orders_created_at, orders.status AS orders_status, orders.customer_name AS orders_customer_name, orders.table_ref AS orders_table_ref, orders.paid_at AS orders_paid_at, orders.payment_method AS orders_payment_method 
FROM orders 
WHERE lower(orders.customer_name) LIKE lower(?) OR lower(orders.table_ref) LIKE lower(?) OR orders.order_number = ? OR orders.id = ? ORDER BY orders.created_at DESC
INFO:sqlalchemy.engine.Engine:SELECT orders.id AS orders_id, orders.order_number AS orders_order_number, orders.created_at AS orders_created_at, orders.status AS orders_status, orders.customer_name AS orders_customer_name, orders.table_ref AS orders_table_ref, orders.paid_at AS orders_paid_at, orders.payment_method AS orders_payment_method 
FROM orders 
WHERE lower(orders.customer_name) LIKE lower(?) OR lower(orders.table_ref) LIKE lower(?) OR orders.order_number = ? OR orders.id = ? ORDER BY orders.created_at DESC
2026-02-16 13:48:57,595 INFO sqlalchemy.engine.Engine [cached since 23.79s ago] ('%2183%', '%2183%', 2183, 2183)
INFO:sqlalchemy.engine.Engine:[cached since 23.79s ago] ('%2183%', '%2183%', 2183, 2183)
[DEBUG] /orders retornou 1 pedidos para o usuário admin (papel: UserRole.gerente)
2026-02-16 13:48:57,598 INFO sqlalchemy.engine.Engine SELECT order_items.id AS order_items_id, order_items.order_id AS order_items_order_id, order_items.product_id AS order_items_product_id, order_items.quantity AS order_items_quantity, order_items.unit_price AS order_items_unit_price 
FROM order_items 
WHERE ? = order_items.order_id
INFO:sqlalchemy.engine.Engine:SELECT order_items.id AS order_items_id, order_items.order_id AS order_items_order_id, order_items.product_id AS order_items_product_id, order_items.quantity AS order_items_quantity, order_items.unit_price AS order_items_unit_price 
FROM order_items 
WHERE ? = order_items.order_id
2026-02-16 13:48:57,599 INFO sqlalchemy.engine.Engine [cached since 37.74s ago] (2183,)
INFO:sqlalchemy.engine.Engine:[cached since 37.74s ago] (2183,)
2026-02-16 13:48:57,600 INFO sqlalchemy.engine.Engine SELECT order_payments.id AS order_payments_id, order_payments.order_id AS order_payments_order_id, order_payments.method AS order_payments_method, order_payments.amount AS order_payments_amount, order_payments.created_at AS order_payments_created_at 
FROM order_payments 
WHERE ? = order_payments.order_id
INFO:sqlalchemy.engine.Engine:SELECT order_payments.id AS order_payments_id, order_payments.order_id AS order_payments_order_id, order_payments.method AS order_payments_method, order_payments.amount AS order_payments_amount, order_payments.created_at AS order_payments_created_at 
FROM order_payments 
WHERE ? = order_payments.order_id
2026-02-16 13:48:57,601 INFO sqlalchemy.engine.Engine [cached since 37.74s ago] (2183,)
INFO:sqlalchemy.engine.Engine:[cached since 37.74s ago] (2183,)
2026-02-16 13:48:57,602 INFO sqlalchemy.engine.Engine ROLLBACK
INFO:sqlalchemy.engine.Engine:ROLLBACK
INFO:     127.0.0.1:60010 - "GET /orders/?q=2183 HTTP/1.1" 200 OK
WARNING:root:[AUTH] Token recebido: eyJhbGciOiJIUzI1NiIsInR5cCI6IkpXVCJ9.eyJzdWIiOiJhZG1pbiIsInJvbGUiOiJnZXJlbnRlIiwiZXhwIjoxNzcxMjg5MTU1fQ.GLdTkr5BXymLjH3oROytsV3xS-FGB6q4eeo7QxLWi-8
WARNING:root:[AUTH] Payload decodificado: {'sub': 'admin', 'role': 'gerente', 'exp': 1771289155}
2026-02-16 13:48:57,654 INFO sqlalchemy.engine.Engine BEGIN (implicit)
INFO:sqlalchemy.engine.Engine:BEGIN (implicit)
2026-02-16 13:48:57,655 INFO sqlalchemy.engine.Engine SELECT users.id AS users_id, users.username AS users_username, users.password_hash AS users_password_hash, users.role AS users_role 
FROM users 
WHERE users.username = ?
 LIMIT ? OFFSET ?
INFO:sqlalchemy.engine.Engine:SELECT users.id AS users_id, users.username AS users_username, users.password_hash AS users_password_hash, users.role AS users_role 
FROM users 
WHERE users.username = ?
 LIMIT ? OFFSET ?
2026-02-16 13:48:57,657 INFO sqlalchemy.engine.Engine [cached since 37.81s ago] ('admin', 1, 0)
INFO:sqlalchemy.engine.Engine:[cached since 37.81s ago] ('admin', 1, 0)
2026-02-16 13:48:57,659 INFO sqlalchemy.engine.Engine SELECT orders.id AS orders_id, orders.order_number AS orders_order_number, orders.created_at AS orders_created_at, orders.status AS orders_status, orders.customer_name AS orders_customer_name, orders.table_ref AS orders_table_ref, orders.paid_at AS orders_paid_at, orders.payment_method AS orders_payment_method 
FROM orders 
WHERE lower(orders.customer_name) LIKE lower(?) OR lower(orders.table_ref) LIKE lower(?) OR orders.order_number = ? OR orders.id = ? ORDER BY orders.created_at DESC
INFO:sqlalchemy.engine.Engine:SELECT orders.id AS orders_id, orders.order_number AS orders_order_number, orders.created_at AS orders_created_at, orders.status AS orders_status, orders.customer_name AS orders_customer_name, orders.table_ref AS orders_table_ref, orders.paid_at AS orders_paid_at, orders.payment_method AS orders_payment_method 
FROM orders 
WHERE lower(orders.customer_name) LIKE lower(?) OR lower(orders.table_ref) LIKE lower(?) OR orders.order_number = ? OR orders.id = ? ORDER BY orders.created_at DESC
2026-02-16 13:48:57,660 INFO sqlalchemy.engine.Engine [cached since 23.86s ago] ('%#132%', '%#132%', 132, 132)
INFO:sqlalchemy.engine.Engine:[cached since 23.86s ago] ('%#132%', '%#132%', 132, 132)
[DEBUG] /orders retornou 10 pedidos para o usuário admin (papel: UserRole.gerente)
2026-02-16 13:48:57,663 INFO sqlalchemy.engine.Engine SELECT order_items.id AS order_items_id, order_items.order_id AS order_items_order_id, order_items.product_id AS order_items_product_id, order_items.quantity AS order_items_quantity, order_items.unit_price AS order_items_unit_price 
FROM order_items 
WHERE ? = order_items.order_id
INFO:sqlalchemy.engine.Engine:SELECT order_items.id AS order_items_id, order_items.order_id AS order_items_order_id, order_items.product_id AS order_items_product_id, order_items.quantity AS order_items_quantity, order_items.unit_price AS order_items_unit_price 
FROM order_items 
WHERE ? = order_items.order_id
2026-02-16 13:48:57,663 INFO sqlalchemy.engine.Engine [cached since 37.81s ago] (2183,)
INFO:sqlalchemy.engine.Engine:[cached since 37.81s ago] (2183,)
2026-02-16 13:48:57,664 INFO sqlalchemy.engine.Engine SELECT order_payments.id AS order_payments_id, order_payments.order_id AS order_payments_order_id, order_payments.method AS order_payments_method, order_payments.amount AS order_payments_amount, order_payments.created_at AS order_payments_created_at 
FROM order_payments 
WHERE ? = order_payments.order_id
INFO:sqlalchemy.engine.Engine:SELECT order_payments.id AS order_payments_id, order_payments.order_id AS order_payments_order_id, order_payments.method AS order_payments_method, order_payments.amount AS order_payments_amount, order_payments.created_at AS order_payments_created_at 
FROM order_payments 
WHERE ? = order_payments.order_id
2026-02-16 13:48:57,664 INFO sqlalchemy.engine.Engine [cached since 37.8s ago] (2183,)
INFO:sqlalchemy.engine.Engine:[cached since 37.8s ago] (2183,)
2026-02-16 13:48:57,665 INFO sqlalchemy.engine.Engine SELECT order_items.id AS order_items_id, order_items.order_id AS order_items_order_id, order_items.product_id AS order_items_product_id, order_items.quantity AS order_items_quantity, order_items.unit_price AS order_items_unit_price 
FROM order_items 
WHERE ? = order_items.order_id
INFO:sqlalchemy.engine.Engine:SELECT order_items.id AS order_items_id, order_items.order_id AS order_items_order_id, order_items.product_id AS order_items_product_id, order_items.quantity AS order_items_quantity, order_items.unit_price AS order_items_unit_price 
FROM order_items 
WHERE ? = order_items.order_id
2026-02-16 13:48:57,665 INFO sqlalchemy.engine.Engine [cached since 37.81s ago] (1698,)
INFO:sqlalchemy.engine.Engine:[cached since 37.81s ago] (1698,)
2026-02-16 13:48:57,667 INFO sqlalchemy.engine.Engine SELECT order_payments.id AS order_payments_id, order_payments.order_id AS order_payments_order_id, order_payments.method AS order_payments_method, order_payments.amount AS order_payments_amount, order_payments.created_at AS order_payments_created_at 
FROM order_payments 
WHERE ? = order_payments.order_id
INFO:sqlalchemy.engine.Engine:SELECT order_payments.id AS order_payments_id, order_payments.order_id AS order_payments_order_id, order_payments.method AS order_payments_method, order_payments.amount AS order_payments_amount, order_payments.created_at AS order_payments_created_at 
FROM order_payments 
WHERE ? = order_payments.order_id
2026-02-16 13:48:57,667 INFO sqlalchemy.engine.Engine [cached since 37.81s ago] (1698,)
INFO:sqlalchemy.engine.Engine:[cached since 37.81s ago] (1698,)
2026-02-16 13:48:57,668 INFO sqlalchemy.engine.Engine SELECT order_items.id AS order_items_id, order_items.order_id AS order_items_order_id, order_items.product_id AS order_items_product_id, order_items.quantity AS order_items_quantity, order_items.unit_price AS order_items_unit_price 
FROM order_items 
WHERE ? = order_items.order_id
INFO:sqlalchemy.engine.Engine:SELECT order_items.id AS order_items_id, order_items.order_id AS order_items_order_id, order_items.product_id AS order_items_product_id, order_items.quantity AS order_items_quantity, order_items.unit_price AS order_items_unit_price 
FROM order_items 
WHERE ? = order_items.order_id
2026-02-16 13:48:57,668 INFO sqlalchemy.engine.Engine [cached since 37.81s ago] (1507,)
INFO:sqlalchemy.engine.Engine:[cached since 37.81s ago] (1507,)
2026-02-16 13:48:57,670 INFO sqlalchemy.engine.Engine SELECT order_payments.id AS order_payments_id, order_payments.order_id AS order_payments_order_id, order_payments.method AS order_payments_method, order_payments.amount AS order_payments_amount, order_payments.created_at AS order_payments_created_at 
FROM order_payments 
WHERE ? = order_payments.order_id
INFO:sqlalchemy.engine.Engine:SELECT order_payments.id AS order_payments_id, order_payments.order_id AS order_payments_order_id, order_payments.method AS order_payments_method, order_payments.amount AS order_payments_amount, order_payments.created_at AS order_payments_created_at 
FROM order_payments 
WHERE ? = order_payments.order_id
2026-02-16 13:48:57,670 INFO sqlalchemy.engine.Engine [cached since 37.81s ago] (1507,)
INFO:sqlalchemy.engine.Engine:[cached since 37.81s ago] (1507,)
2026-02-16 13:48:57,672 INFO sqlalchemy.engine.Engine SELECT order_items.id AS order_items_id, order_items.order_id AS order_items_order_id, order_items.product_id AS order_items_product_id, order_items.quantity AS order_items_quantity, order_items.unit_price AS order_items_unit_price 
FROM order_items 
WHERE ? = order_items.order_id
INFO:sqlalchemy.engine.Engine:SELECT order_items.id AS order_items_id, order_items.order_id AS order_items_order_id, order_items.product_id AS order_items_product_id, order_items.quantity AS order_items_quantity, order_items.unit_price AS order_items_unit_price 
FROM order_items 
WHERE ? = order_items.order_id
2026-02-16 13:48:57,672 INFO sqlalchemy.engine.Engine [cached since 37.82s ago] (1346,)
INFO:sqlalchemy.engine.Engine:[cached since 37.82s ago] (1346,)
2026-02-16 13:48:57,674 INFO sqlalchemy.engine.Engine SELECT order_payments.id AS order_payments_id, order_payments.order_id AS order_payments_order_id, order_payments.method AS order_payments_method, order_payments.amount AS order_payments_amount, order_payments.created_at AS order_payments_created_at 
FROM order_payments 
WHERE ? = order_payments.order_id
INFO:sqlalchemy.engine.Engine:SELECT order_payments.id AS order_payments_id, order_payments.order_id AS order_payments_order_id, order_payments.method AS order_payments_method, order_payments.amount AS order_payments_amount, order_payments.created_at AS order_payments_created_at 
FROM order_payments 
WHERE ? = order_payments.order_id
2026-02-16 13:48:57,674 INFO sqlalchemy.engine.Engine [cached since 37.81s ago] (1346,)
INFO:sqlalchemy.engine.Engine:[cached since 37.81s ago] (1346,)
2026-02-16 13:48:57,675 INFO sqlalchemy.engine.Engine SELECT order_items.id AS order_items_id, order_items.order_id AS order_items_order_id, order_items.product_id AS order_items_product_id, order_items.quantity AS order_items_quantity, order_items.unit_price AS order_items_unit_price 
FROM order_items 
WHERE ? = order_items.order_id
INFO:sqlalchemy.engine.Engine:SELECT order_items.id AS order_items_id, order_items.order_id AS order_items_order_id, order_items.product_id AS order_items_product_id, order_items.quantity AS order_items_quantity, order_items.unit_price AS order_items_unit_price 
FROM order_items 
WHERE ? = order_items.order_id
2026-02-16 13:48:57,676 INFO sqlalchemy.engine.Engine [cached since 37.82s ago] (979,)
INFO:sqlalchemy.engine.Engine:[cached since 37.82s ago] (979,)
2026-02-16 13:48:57,677 INFO sqlalchemy.engine.Engine SELECT order_payments.id AS order_payments_id, order_payments.order_id AS order_payments_order_id, order_payments.method AS order_payments_method, order_payments.amount AS order_payments_amount, order_payments.created_at AS order_payments_created_at 
FROM order_payments 
WHERE ? = order_payments.order_id
INFO:sqlalchemy.engine.Engine:SELECT order_payments.id AS order_payments_id, order_payments.order_id AS order_payments_order_id, order_payments.method AS order_payments_method, order_payments.amount AS order_payments_amount, order_payments.created_at AS order_payments_created_at 
FROM order_payments 
WHERE ? = order_payments.order_id
2026-02-16 13:48:57,677 INFO sqlalchemy.engine.Engine [cached since 37.82s ago] (979,)
INFO:sqlalchemy.engine.Engine:[cached since 37.82s ago] (979,)
2026-02-16 13:48:57,678 INFO sqlalchemy.engine.Engine SELECT order_items.id AS order_items_id, order_items.order_id AS order_items_order_id, order_items.product_id AS order_items_product_id, order_items.quantity AS order_items_quantity, order_items.unit_price AS order_items_unit_price 
FROM order_items 
WHERE ? = order_items.order_id
INFO:sqlalchemy.engine.Engine:SELECT order_items.id AS order_items_id, order_items.order_id AS order_items_order_id, order_items.product_id AS order_items_product_id, order_items.quantity AS order_items_quantity, order_items.unit_price AS order_items_unit_price 
FROM order_items 
WHERE ? = order_items.order_id
2026-02-16 13:48:57,679 INFO sqlalchemy.engine.Engine [cached since 37.82s ago] (811,)
INFO:sqlalchemy.engine.Engine:[cached since 37.82s ago] (811,)
2026-02-16 13:48:57,680 INFO sqlalchemy.engine.Engine SELECT order_payments.id AS order_payments_id, order_payments.order_id AS order_payments_order_id, order_payments.method AS order_payments_method, order_payments.amount AS order_payments_amount, order_payments.created_at AS order_payments_created_at 
FROM order_payments 
WHERE ? = order_payments.order_id
INFO:sqlalchemy.engine.Engine:SELECT order_payments.id AS order_payments_id, order_payments.order_id AS order_payments_order_id, order_payments.method AS order_payments_method, order_payments.amount AS order_payments_amount, order_payments.created_at AS order_payments_created_at 
FROM order_payments 
WHERE ? = order_payments.order_id
2026-02-16 13:48:57,680 INFO sqlalchemy.engine.Engine [cached since 37.82s ago] (811,)
INFO:sqlalchemy.engine.Engine:[cached since 37.82s ago] (811,)
2026-02-16 13:48:57,681 INFO sqlalchemy.engine.Engine SELECT order_items.id AS order_items_id, order_items.order_id AS order_items_order_id, order_items.product_id AS order_items_product_id, order_items.quantity AS order_items_quantity, order_items.unit_price AS order_items_unit_price 
FROM order_items 
WHERE ? = order_items.order_id
INFO:sqlalchemy.engine.Engine:SELECT order_items.id AS order_items_id, order_items.order_id AS order_items_order_id, order_items.product_id AS order_items_product_id, order_items.quantity AS order_items_quantity, order_items.unit_price AS order_items_unit_price 
FROM order_items 
WHERE ? = order_items.order_id
2026-02-16 13:48:57,682 INFO sqlalchemy.engine.Engine [cached since 37.83s ago] (677,)
INFO:sqlalchemy.engine.Engine:[cached since 37.83s ago] (677,)
2026-02-16 13:48:57,683 INFO sqlalchemy.engine.Engine SELECT order_payments.id AS order_payments_id, order_payments.order_id AS order_payments_order_id, order_payments.method AS order_payments_method, order_payments.amount AS order_payments_amount, order_payments.created_at AS order_payments_created_at 
FROM order_payments 
WHERE ? = order_payments.order_id
INFO:sqlalchemy.engine.Engine:SELECT order_payments.id AS order_payments_id, order_payments.order_id AS order_payments_order_id, order_payments.method AS order_payments_method, order_payments.amount AS order_payments_amount, order_payments.created_at AS order_payments_created_at 
FROM order_payments 
WHERE ? = order_payments.order_id
2026-02-16 13:48:57,683 INFO sqlalchemy.engine.Engine [cached since 37.82s ago] (677,)
INFO:sqlalchemy.engine.Engine:[cached since 37.82s ago] (677,)
2026-02-16 13:48:57,683 INFO sqlalchemy.engine.Engine SELECT order_items.id AS order_items_id, order_items.order_id AS order_items_order_id, order_items.product_id AS order_items_product_id, order_items.quantity AS order_items_quantity, order_items.unit_price AS order_items_unit_price 
FROM order_items 
WHERE ? = order_items.order_id
INFO:sqlalchemy.engine.Engine:SELECT order_items.id AS order_items_id, order_items.order_id AS order_items_order_id, order_items.product_id AS order_items_product_id, order_items.quantity AS order_items_quantity, order_items.unit_price AS order_items_unit_price 
FROM order_items 
WHERE ? = order_items.order_id
2026-02-16 13:48:57,683 INFO sqlalchemy.engine.Engine [cached since 37.83s ago] (529,)
INFO:sqlalchemy.engine.Engine:[cached since 37.83s ago] (529,)
2026-02-16 13:48:57,684 INFO sqlalchemy.engine.Engine SELECT order_payments.id AS order_payments_id, order_payments.order_id AS order_payments_order_id, order_payments.method AS order_payments_method, order_payments.amount AS order_payments_amount, order_payments.created_at AS order_payments_created_at 
FROM order_payments 
WHERE ? = order_payments.order_id
INFO:sqlalchemy.engine.Engine:SELECT order_payments.id AS order_payments_id, order_payments.order_id AS order_payments_order_id, order_payments.method AS order_payments_method, order_payments.amount AS order_payments_amount, order_payments.created_at AS order_payments_created_at 
FROM order_payments 
WHERE ? = order_payments.order_id
2026-02-16 13:48:57,684 INFO sqlalchemy.engine.Engine [cached since 37.82s ago] (529,)
INFO:sqlalchemy.engine.Engine:[cached since 37.82s ago] (529,)
2026-02-16 13:48:57,685 INFO sqlalchemy.engine.Engine SELECT order_items.id AS order_items_id, order_items.order_id AS order_items_order_id, order_items.product_id AS order_items_product_id, order_items.quantity AS order_items_quantity, order_items.unit_price AS order_items_unit_price 
FROM order_items 
WHERE ? = order_items.order_id
INFO:sqlalchemy.engine.Engine:SELECT order_items.id AS order_items_id, order_items.order_id AS order_items_order_id, order_items.product_id AS order_items_product_id, order_items.quantity AS order_items_quantity, order_items.unit_price AS order_items_unit_price 
FROM order_items 
WHERE ? = order_items.order_id
2026-02-16 13:48:57,685 INFO sqlalchemy.engine.Engine [cached since 37.83s ago] (265,)
INFO:sqlalchemy.engine.Engine:[cached since 37.83s ago] (265,)
2026-02-16 13:48:57,685 INFO sqlalchemy.engine.Engine SELECT order_payments.id AS order_payments_id, order_payments.order_id AS order_payments_order_id, order_payments.method AS order_payments_method, order_payments.amount AS order_payments_amount, order_payments.created_at AS order_payments_created_at 
FROM order_payments 
WHERE ? = order_payments.order_id
INFO:sqlalchemy.engine.Engine:SELECT order_payments.id AS order_payments_id, order_payments.order_id AS order_payments_order_id, order_payments.method AS order_payments_method, order_payments.amount AS order_payments_amount, order_payments.created_at AS order_payments_created_at 
FROM order_payments 
WHERE ? = order_payments.order_id
2026-02-16 13:48:57,685 INFO sqlalchemy.engine.Engine [cached since 37.83s ago] (265,)
INFO:sqlalchemy.engine.Engine:[cached since 37.83s ago] (265,)
2026-02-16 13:48:57,686 INFO sqlalchemy.engine.Engine SELECT order_items.id AS order_items_id, order_items.order_id AS order_items_order_id, order_items.product_id AS order_items_product_id, order_items.quantity AS order_items_quantity, order_items.unit_price AS order_items_unit_price 
FROM order_items 
WHERE ? = order_items.order_id
INFO:sqlalchemy.engine.Engine:SELECT order_items.id AS order_items_id, order_items.order_id AS order_items_order_id, order_items.product_id AS order_items_product_id, order_items.quantity AS order_items_quantity, order_items.unit_price AS order_items_unit_price 
FROM order_items 
WHERE ? = order_items.order_id
2026-02-16 13:48:57,686 INFO sqlalchemy.engine.Engine [cached since 37.83s ago] (132,)
INFO:sqlalchemy.engine.Engine:[cached since 37.83s ago] (132,)
2026-02-16 13:48:57,688 INFO sqlalchemy.engine.Engine SELECT order_payments.id AS order_payments_id, order_payments.order_id AS order_payments_order_id, order_payments.method AS order_payments_method, order_payments.amount AS order_payments_amount, order_payments.created_at AS order_payments_created_at 
FROM order_payments 
WHERE ? = order_payments.order_id
INFO:sqlalchemy.engine.Engine:SELECT order_payments.id AS order_payments_id, order_payments.order_id AS order_payments_order_id, order_payments.method AS order_payments_method, order_payments.amount AS order_payments_amount, order_payments.created_at AS order_payments_created_at 
FROM order_payments 
WHERE ? = order_payments.order_id
2026-02-16 13:48:57,689 INFO sqlalchemy.engine.Engine [cached since 37.83s ago] (132,)
INFO:sqlalchemy.engine.Engine:[cached since 37.83s ago] (132,)
2026-02-16 13:48:57,689 INFO sqlalchemy.engine.Engine ROLLBACK
INFO:sqlalchemy.engine.Engine:ROLLBACK
INFO:     127.0.0.1:60020 - "GET /orders/?q=%23132 HTTP/1.1" 200 OK
INFO:     Shutting down
INFO:     Waiting for application shutdown.
INFO:     Application shutdown complete.
INFO:     Finished server process [99549]
